#-----------------------------------------------------------
# Vivado v2015.4_AR67478_AR66782_AR66772_AR66092_AR65813_ar68397_cr964221_2015_4 (64-bit)
# SW Build 1412921 on Wed Nov 18 09:43:45 MST 2015
# IP Build 1412968 on Wed Nov 18 10:19:19 MST 2015
# Start of session at: Thu Sep 14 06:02:23 2017
# Process ID: 2800
# Current directory: Z:/work/git/LabVIEW_Fpga/06_MicroBlaze/03_MicroBlaze_AXI_Stream/ProjectExportForVivado/AXI_Stream/VivadoProject/AXI_Stream.runs/synth_1
# Command line: vivado.exe -log PXIe6592R_Top_Gen2x8.vds -mode batch -messageDb vivado.pb -notrace -source PXIe6592R_Top_Gen2x8.tcl
# Log file: Z:/work/git/LabVIEW_Fpga/06_MicroBlaze/03_MicroBlaze_AXI_Stream/ProjectExportForVivado/AXI_Stream/VivadoProject/AXI_Stream.runs/synth_1/PXIe6592R_Top_Gen2x8.vds
# Journal file: Z:/work/git/LabVIEW_Fpga/06_MicroBlaze/03_MicroBlaze_AXI_Stream/ProjectExportForVivado/AXI_Stream/VivadoProject/AXI_Stream.runs/synth_1\vivado.jou
#-----------------------------------------------------------
source PXIe6592R_Top_Gen2x8.tcl -notrace
