17:37:38 **** Auto Build of configuration Debug for project gpio_rw ****
make all 
'Building file: ../src/main.c'
'Invoking: MicroBlaze gcc compiler'
mb-gcc -Wall -O0 -g3 -c -fmessage-length=0 -MT"src/main.o" -I../../gpio_rw_bsp/microblaze_0/include -mlittle-endian -mcpu=v9.5 -mxl-soft-mul -Wl,--no-relax -MMD -MP -MF"src/main.d" -MT"src/main.d" -o "src/main.o" "../src/main.c"
'Finished building: ../src/main.c'
' '
'Building target: gpio_rw.elf'
'Invoking: MicroBlaze gcc linker'
mb-gcc -Wl,-T -Wl,../src/lscript.ld -L../../gpio_rw_bsp/microblaze_0/lib -mlittle-endian -mcpu=v9.5 -mxl-soft-mul -Wl,--no-relax -o "gpio_rw.elf"  ./src/main.o   -Wl,--start-group,-lxil,-lgcc,-lc,--end-group
'Finished building target: gpio_rw.elf'
' '
'Invoking: MicroBlaze Print Size'
mb-size gpio_rw.elf  |tee "gpio_rw.elf.size"
   text	   data	    bss	    dec	    hex	filename
   3932	    304	   3124	   7360	   1cc0	gpio_rw.elf
'Finished building: gpio_rw.elf.size'
' '

17:37:39 Build Finished (took 915ms)

